Mode: vanilla WH40k 10e | Lists: tourney-archetype | N=40 | workers=15

Faction                   Sim%   Real%   Noise    Diff   Gated    vs50
------------------------------------------------------------------------
Adeptus Astartes          55.5    47.6    2.16    +7.9    5.72    +5.5  
Necrons                   50.1    53.2    3.22    -3.1    0.00    +0.1 .
Aeldari                   54.9    44.4    3.10   +10.5    7.38    +4.9  
Tyranids                  65.5    47.4    3.82   +18.1   14.26   +15.5  
Orks                      61.9    44.9    2.90   +17.0   14.11   +11.9  
T'au Empire               66.2    54.5    4.23   +11.7    7.46   +16.2  
Death Guard               48.9    46.1    2.58    +2.8    0.25    -1.1  
Adeptus Custodes          59.4    52.1    2.65    +7.3    4.66    +9.4  
Thousand Sons             71.2    54.6    8.75   +16.6    7.84   +21.2  
Leagues of Votann         61.2    49.3    3.03   +11.9    8.86   +11.2  
Chaos Space Marines       50.1    52.8    2.48    -2.7    0.20    +0.1  
World Eaters              48.2    47.0    3.42    +1.2    0.00    -1.8 .
Emperor's Children        51.0    47.9    5.67    +3.1    0.00    +1.0 .
Chaos Daemons             32.0    50.8    3.16   -18.8   15.62   -18.0  
Astra Militarum           52.9    45.1    3.18    +7.8    4.58    +2.9  
Adeptus Mechanicus        59.6    43.8    4.17   +15.8   11.67    +9.6  
Adepta Sororitas          71.2    50.4    3.79   +20.8   17.00   +21.2  
Grey Knights              42.3    47.9    4.22    -5.6    1.42    -7.7  
Drukhari                  88.6    49.3    3.36   +39.3   35.91   +38.6  
Genestealer Cults         43.5    47.4    4.60    -3.9    0.00    -6.5 .
Imperial Knights          15.0    48.5    2.96   -33.5   30.54   -35.0  
Chaos Knights              3.6    47.5    3.29   -43.9   40.64   -46.4  
------------------------------------------------------------------------
MAE raw (sim - real_meta):        13.78 pts  (legacy headline)
MAE gated (only beyond noise):    10.37 pts  (target → 0; the real calibration signal)
MAE vs Sweg-balanced (50/50):     12.99 pts  (rule-internal-balance signal)
Factions inside noise band:      4/22  (target → all 22)
Snapshot written → data\wf_wave44_tson_n40.json
